laya on cuda: NVIDIA GeForce RTX 4080 SUPER
stage 2: paging through the list ...
  page 1: 20 items at /articles/ via browser
  load-more: 3 rounds, +19 items (39)
stage 3: reading 39 publications ...
  2026-09-24 brief           In AI evaluation, access is not evidence                               Elham Tabassi; Global Economy and Develo
  2026-09-23 report          Demand-driven inflation                                                Domenico Giannone; Giorgio Primiceri
  2026-09-23 other           The vanishing advantage of specialization                              Luis Garicano
  2026-09-23 report          Why is AI so contentious?                                              Martin Beraja; Noam Yuchtman
  2026-09-23 brief           How did the post-pandemic migration surge affect labor and housing mar Jennifer Hunt; Pia Orrenius
  2026-09-23 brief           Financing the AI buildout                                              
  2026-09-23 brief           Economics of demand-side and supply-side climate policies              Ryan Kellogg
  2026-09-23 academic        Crime in COVID times                                                   Jens Ludwig; Economic Studies
  2026-09-23 report          From importer to exporter: Oil shocks and the US economy               Diego Känzig; James Stock
  2026-09-23 brief           Is the AI existential threat real—and can regulatory action prevent it Aaron Klein; Economic Studies
  2026-09-23 event           Beyond the front lines: What sustains civic leadership among young wom 
  2026-09-23 commentary      New post office policy could lead to the rejection of tens of thousand 
  2026-09-23 academic        Who is likely to benefit from the Federal Scholarship Tax Credit?      Jon Valant; Brown Center on Education Po
  2026-09-23 report          What’s at stake at UNGA 2026?                                          Bruno Cardoso Reis; Foreign Policy
  2026-09-23 report          Falling behind? State and local government employee compensation since Byron Lutz; David Ratner
  2026-09-23 report          Postal network redesign and mail ballot rejections in the 2026 primari Elena Patel; Urban-Brookings Tax Policy 
  2026-09-23 media           Why girls in marginalized contexts? A commitment to justice and agency 
  2026-09-22 media           Weighing the existential risks of AI and the proposals to prevent them Darrell M. West; Governance Studies
  2026-09-22 other           Tracking trade amid uncertain and changing tariff policies             Kari Heerman; Economic Studies
  2026-09-22 brief           Why community engagement is vital to learning ecosystems               Emily Markovich Morris; Global Economy a
  2026-09-22 brief           Latino communities are shaping Michigan’s future                       Tonantzin Carmona; Brookings Metro
  2026-09-22 academic        Japan’s exchange rate and creditor status: A longer-term view          Gian Maria Milesi-Ferretti; Economic Stu
  2026-09-22 commentary      AI below the waterline                                                 Bruce Jones; Foreign Policy
  2026-09-21 brief           Han Kuang 42: Learning to fight after things go wrong                  
  2026-09-21 commentary      A UN satellite proposal tests limits of technological sovereignty      
  2026-09-21 report          How local homeowners insurance market stress impacts urban and suburba Wesley A. Miller
  2026-09-21 brief           What do free tuition policies do?                                      Phillip Levine; Economic Studies
  2026-09-21 report          Can we slow down AI without losing to China?                           Kyle Chan; Foreign Policy
  2026-09-18 academic        Listening to adolescents: Building gender-responsive mental health sys 
  2026-09-18 academic        Whose voices are missing: Reframing Mozambique’s ‘learning crisis’     
  2026-09-18 academic        A simple question, a harder answer: Career guidance and rural youth in 
  2026-09-18 report          How universities are affected by AI moving knowledge outside their wal 
  2026-09-18 academic        What happens when academic achievement is used to determine English pr 
  2026-09-18 book            Nature, People, and Sustainable Development                            
  2026-09-18 academic        Too little, too late: The inadequacy of reactive antitrust enforcement Bill Baer; Governance Studies
  2026-09-17 report          Nuclear credibility in theory and in practice                          Melanie W. Sisson; Foreign Policy
  2026-09-17 brief           AGOA was extended for two years—now the real work begins               Witney Schneidman; Global Economy and De
  2026-09-17 media           Navigating curriculum and culture wars: What happened to public school 
  2026-09-16 brief           Why AI safety requires more than industry self-regulation              Tom Wheeler; Governance Studies
