laya on cuda: NVIDIA GeForce RTX 4080 SUPER
[  1] 0.35 hub=0.35 hub     organisation  items= 23 requests https://www.brookings.edu/
[  2] 0.08 hub=0.22 info    organisation  items=  2 requests https://www.brookings.edu/about-us/finances/
[  3] 0.39 hub=0.42 listing publications  items=  9 browser  https://www.brookings.edu/research-commentary/
[  4] 0.17 hub=0.33 hub     news          items=  4 requests https://www.brookings.edu/topics/cities-communities/
[  5] 0.17 hub=0.33 listing projects      items=  4 requests https://www.brookings.edu/programs/governance-studies/
[  6] 0.06 hub=0.14 hub     organisation  items=  3 requests https://www.brookings.edu/careers/
[  7] 0.21 hub=0.21 hub     news          items= 11 requests https://www.brookings.edu/programs/brookings-metro/
[  8] 0.36 hub=0.69 hub     publications  items=  4 requests https://www.brookings.edu/topics/pharmaceutical-drug-policy/
[  9] 0.06 hub=0.29 item    news          items=  0 requests https://www.brookings.edu/newsletters/
[ 10] 0.11 hub=0.26 listing people        items=  3 requests https://www.brookings.edu/programs/governance-studies/staff/
[ 11] 0.40 hub=0.40 hub     projects      items= 23 requests https://www.brookings.edu/programs/brookings-metro/our-work/
[ 12] 0.06 hub=0.16 hub     organisation  items=  2 requests https://www.brookings.edu/careers/our-culture/
[ 13] 0.20 hub=0.71 listing publications  items=  1 requests https://www.brookings.edu/about-us/annual-report/
[ 14] 0.03 hub=0.10 hub     jobs          items=  1 browser  https://www.brookings.edu/careers/internships/
[ 15] 0.04 hub=0.10 listing events        items=  2 browser  https://www.brookings.edu/programs/brookings-metro/events/
[ 16] 0.46 hub=0.46 listing projects      items= 10 requests https://www.brookings.edu/programs/governance-studies/centers-projects-and-initiatives/
[ 17] 0.25 hub=0.56 listing publications  items=  3 requests https://www.brookings.edu/programs/governance-studies/experts/
[ 18] 0.05 hub=0.17 hub     jobs          items=  1 requests https://www.brookings.edu/careers/benefits/
[ 19] 0.50 hub=0.66 listing publications  items=  7 requests https://www.brookings.edu/collection/the-expanding-powers-of-the-presidency/
[ 20] 0.03 hub=0.16 hub     projects      items=  0 browser  https://www.brookings.edu/programs/brookings-metro/research-commentary/
[ 21] 0.03 hub=0.16 hub     news          items=  0 requests https://www.brookings.edu/careers/professional-development/
[ 22] 0.04 hub=0.13 listing mixed         items=  1 browser  https://www.brookings.edu/collection/the-2026-midterm-elections/
[ 23] 0.12 hub=0.26 hub     projects      items=  3 browser  https://www.brookings.edu/programs/governance-studies/books/
[ 24] 0.13 hub=0.26 hub     news          items=  4 requests https://www.brookings.edu/government-affairs-at-brookings/
[ 25] 0.07 hub=0.19 listing organisation  items=  2 requests https://www.brookings.edu/about-us/board-of-trustees/
[ 26] 0.11 hub=0.24 hub     news          items=  3 requests https://www.brookings.edu/topics/federal-reserve/
[ 27] 0.04 hub=0.14 hub     media         items=  1 browser  https://www.brookings.edu/for-media/
[ 28] 0.06 hub=0.14 hub     projects      items=  3 requests https://www.brookings.edu/programs/governance-studies/about/
[ 29] 0.27 hub=0.51 hub     publications  items=  4 requests https://www.brookings.edu/topics/health-care-industry/
[ 30] 0.04 hub=0.08 hub     organisation  items=  4 requests https://www.brookings.edu/regions/asia-the-pacific/india/
