laya on cuda: NVIDIA GeForce RTX 4080 SUPER
[  1] 0.33 hub=0.33 hub     organisation  items= 41 requests https://www.chathamhouse.org/
  site bot-walls plain requests -> browser from now on
[  2] 0.88 hub=0.88 item    publications  items= 19 browser  https://www.chathamhouse.org/publications/the-world-today/2026-09
[  3] 0.26 hub=0.92 listing publications  items=  1 browser  https://www.chathamhouse.org/publications
[  4] 0.38 hub=0.38 listing publications  items= 52 browser  https://www.chathamhouse.org/regions/russia-and-eurasia
[  5] 0.52 hub=0.52 listing news          items= 55 browser  https://www.chathamhouse.org/regions/asia-pacific
[  6] 0.50 hub=0.50 listing organisation  items= 13 browser  https://www.chathamhouse.org/about-us/our-departments
[  7] 0.59 hub=0.59 info    organisation  items= 12 browser  https://www.chathamhouse.org/about-us
[  8] 0.46 hub=0.46 listing publications  items= 51 browser  https://www.chathamhouse.org/regions/middle-east-and-north-africa
[  9] 0.25 hub=0.25 listing news          items= 57 browser  https://www.chathamhouse.org/regions/americas
[ 10] 0.86 hub=0.86 listing publications  items= 22 browser  https://www.chathamhouse.org/publications/the-world-today/2026-06
[ 11] 0.91 hub=0.91 listing publications  items= 24 browser  https://www.chathamhouse.org/publications/the-world-today/2026-03
[ 12] 0.39 hub=0.39 hub     publications  items= 80 browser  https://www.chathamhouse.org/regions/africa
[ 13] 0.26 hub=0.92 item    publications  items=  1 browser  https://www.chathamhouse.org/publications/the-world-today/2026-06/fifth-food-mega-shock-20-years-how-stop-these-crises-good
[ 14] 0.26 hub=0.93 item    publications  items=  1 browser  https://www.chathamhouse.org/publications/the-world-today/2026-06/were-just-trying-earn-enough-buy-rice-living-through-energy
[ 15] 0.25 hub=0.90 listing publications  items=  1 browser  https://www.chathamhouse.org/publications/the-world-today/2026-03/can-npt-review-conference-stop-new-nuclear-arms-race
[ 16] 0.26 hub=0.93 listing publications  items=  1 browser  https://www.chathamhouse.org/publications/the-world-today/2026-06/maritime-chokepoints-could-be-worse-hormuz
[ 17] 0.26 hub=0.93 item    publications  items=  1 browser  https://www.chathamhouse.org/publications/the-world-today/2026-06/can-ukraine-exploit-its-drone-diplomacy-become-global-security
[ 18] 0.26 hub=0.26 hub     events        items= 11 browser  https://www.chathamhouse.org/members-and-partners
[ 19] 0.03 hub=0.07 listing organisation  items=  2 browser  https://www.chathamhouse.org/regions
[ 20] 0.24 hub=0.86 listing publications  items=  1 browser  https://www.chathamhouse.org/publications/the-world-today/contribute
[ 21] 0.28 hub=1.00 listing publications  items=  1 browser  https://www.chathamhouse.org/publications/the-world-today/subscribe
[ 22] 0.92 hub=0.92 listing publications  items= 22 browser  https://www.chathamhouse.org/publications/the-world-today/2025-09
[ 23] 0.88 hub=0.88 listing publications  items= 24 browser  https://www.chathamhouse.org/publications/international-affairs-journal
[ 24] 0.03 hub=0.08 hub     events        items=  2 browser  https://www.chathamhouse.org/members-and-partners/gift-membership
[ 25] 0.10 hub=0.34 listing publications  items=  1 browser  https://www.chathamhouse.org/publications/the-world-today/2025-12/chatham-house-librarys-top-books-2025
[ 26] 0.23 hub=0.82 listing publications  items=  1 browser  https://www.chathamhouse.org/publications/the-world-today/2025-12/book-reviews-art-waging-peace-and-foreign-policy-prophets
[ 27] 0.82 hub=0.82 listing publications  items= 22 browser  https://www.chathamhouse.org/publications/the-world-today/2025-12
[ 28] 0.91 hub=0.91 listing publications  items= 30 browser  https://www.chathamhouse.org/publications/research-publications
[ 29] 0.05 hub=0.15 listing organisation  items=  2 browser  https://www.chathamhouse.org/regions/a-z
[ 30] 0.42 hub=0.42 hub     news          items= 43 browser  https://www.chathamhouse.org/topics/coronavirus-response
