laya on cuda: NVIDIA GeForce RTX 4080 SUPER
stage 2: paging through the list ...
  page 1: 20 items at /en/publications/ via browser
  page 2: +20 items (40)
stage 3: reading 40 publications ...
  2026/09/17 brief           Beyond sovereignty: nationally led crisis response in East Africa      John Bryant
  2026/09/02 brief           Poverty and public finance: a primer                                   Martin Evans
  2026/08/05 report          What makes finance ministry officials tick                             Gundula Löffler; Andrea Sissa Velandia
  2026/08/04 report          Equitable AI governance for the Global South: a supply chains and valu Dr Divij Joshi
  2026/09/23 report          Does EU aid promote EU exports?                                        Derrick Abudu; Maximiliano Mendez-Parra
  2026/09/22 report          How LGBTQI+ movements shape inclusive civic space in Pakistan          Ayesha Khan; Sarah Zaman
  2026/09/22 brief           Resourcing LGBTQI+ movements in the Global South and East to build inc Evie Browne; Carmen Leon-Himmelstine
  2026/09/21 brief           The Taliban’s madrassa system in Afghanistan: the threat to global pea Ayesha Khan; Mariam Safi
  2026/09/18 brief           Public finance in the digital era: emerging themes 2026                Ameya Ashok Naik
  2026/09/03 commentary      Defining progress in domestic capital market development               Grant Metcalfe-Smith; Andrea Carvajal
  2026/08/10 report          Community resilience and inclusion in protracted crises: lessons from  Ian D. Quick
  2026/07/20 brief           Programme of work - IDA Technical Working Group                        
  2026/06/16 report          Climate change is driving up loss and damage in SIDS                   Emily Wilkinson; Vikrant Panwar
  2026/07/27 report          Raising FDI for African manufacturing: an assessment of  Manufacturing Linda Calabrese; Tiina Pasanen
  2026/07/23 report          Refugee camps: current practice and historical perspectives            Benjamin Thomas White; Kerrie Holloway
  2026/07/16 report          Financing the frontline: how health facilities receive, manage and uti Tom Hart; Danielle Serebro
  2026/07/16 brief           Making an exception: maintaining ODA eligibility for Small Island Deve Vikrant Panwar; Gail Hurley
  2026/07/15 report          Background analysis of climate risks to Syria’s electricity and urban  Sarah Opitz-Stapleton; Magda Nassef
  2026/07/15 report          Tax expenditure report: Rwanda                                         Romal Sanjeeda; Harshil Parekh
  2026/07/15 academic        The political economy of education system (in)coherence in Jordan      Olya Homonchuk; Caterina Mazzilli
  2026/07/09 brief           Has the World Bank really ‘accelerated’ 50 million electricity connect Bright Simons
  2026/07/02 academic        North Stars for Northern Donors in a Post-Aid World: moving from dialo Nilima Gulrajani
  2026/07/07 report          Gender norms and protection: navigating agency, risk and backlash      Anki Sjöberg; Ján Michalko
  2026/07/01 brief           Comparing tax and benefit microsimulation models: a guide for analysts Laura Abramovsky; Martin Evans
  2026/07/01 report          Oppression, liberation and humanitarianism in Palestine, Myanmar and S Nora Hassanien; Manny Maung
  2026/07/16 report          ODI Europe Impact Report: Bridging Europe and the world in a fragmente 
  2026/07/31 report          The EU–Malawi partnership: outlook for EU development cooperation      Claire Kumar; Davide Fina
  2026/06/29 brief           Delivering an ecosystem approach to humanitarian action: proposals fro Advisory Panel on the Future of Humanita
  2026/06/26 academic        Getting funds to the front-line: Uganda's experience with DFF          Antoine Lacroix; Angellah Nakyanzi
  2026/06/24 brief           Delivering on gender equality: the missing piece in climate and food s Maryam Rezaei; Shahzoda Alikhanova
  2026/06/24 report          Online violence against women in politics: what shapes political party Ján Michalko; Diana Jiménez Thomas Rodri
  2026/06/24 report          The State of SIDS Report 2026: defending the special case              Eliorah Malifa; Emily Wilkinson
  2026/06/23 report          Green trade, regional value chains and new partnerships for cooperatio Jodie Keane; Bernardo Arce Fernandez
  2026/06/19 report          Implementation of the AfCFTA Protocol on Investment: a stocktake of pr Bernardo Arce Fernandez; Derrick Abudu
  2026/06/19 report          Undertaking AfCFTA gap analyses: what are we learning?                 Dirk Willem te Velde; Bernardo Arce Fern
  2026/06/15 brief           Gender equality and the climate crisis: resolutions at the Human Right Amy Cano Prentice; Evie Browne
  2026/06/18 report          The value of debt pause clauses                                        Tom Hart; Andrea Carvajal
  2026/06/17 academic        Eight considerations for adaptation finance quality discussions        Nella Canales; Lina Adil
  2026/06/09 report          Climate action as peace enabler: lessons from the Sahel on delivering  Camille Laville; Leigh Mayhew
  2026/05/28 report          Diversification of household activities among cotton-farming household Boukary Barry; Dansiné Diarra
