laya on cuda: NVIDIA GeForce RTX 4080 SUPER
[  1] 0.25 hub=0.30 hub     events        items=  8 requests https://odi.org/en/
[  2] 0.31 hub=0.31 listing organisation  items= 28 requests https://odi.org/en/about/our-work/
[  3] 0.23 hub=0.23 listing events        items= 20 requests https://odi.org/en/events/
[  4] 1.00 hub=1.00 listing publications  items= 20 browser  https://odi.org/en/publications/
[  5] 0.35 hub=0.97 item    publications  items=  2 requests https://odi.org/en/publications/beyond-sovereignty-nationally-led-crisis-response-in-east-africa/
[  6] 0.03 hub=0.12 hub     news          items=  1 browser  https://odi.org/en/careers/
[  7] 0.20 hub=0.27 hub     news          items=  7 requests https://odi.org/en/topics/inside-the-global-backlash/
[  8] 0.26 hub=0.92 item    publications  items=  1 requests https://odi.org/en/publications/public-finance-in-the-digital-era-emerging-themes-2026/
[  9] 0.03 hub=0.11 hub     organisation  items=  1 browser  https://odi.org/en/about/contact-details-and-directions/
[ 10] 0.47 hub=0.68 listing events        items=  6 requests https://odi.org/en/tagged/multilateral-institutions/
[ 11] 0.05 hub=0.16 hub     jobs          items=  1 browser  https://odi.org/en/careers/consultancies/
[ 12] 0.24 hub=0.29 hub     news          items=  8 requests https://odi.org/en/tagged/governance/
[ 13] 0.12 hub=0.20 listing organisation  items=  5 browser  https://odi.org/en/about/terms-and-statements/
[ 14] 0.04 hub=0.14 hub     people        items=  1 requests https://odi.org/en/leadership/
[ 15] 0.31 hub=0.31 listing organisation  items= 14 requests https://odi.org/en/tagged/humanitarian/
[ 16] 0.60 hub=0.60 hub     news          items= 12 requests https://odi.org/en/topics/public-finance/
[ 17] 0.68 hub=0.68 hub     media         items= 23 requests https://odi.org/en/topics/geopolitical-crises/
[ 18] 0.23 hub=0.23 hub     media         items= 18 requests https://odi.org/en/topics/shifting-us-policy/
[ 19] 0.02 hub=0.08 hub     news          items=  1 browser  https://odi.org/en/cookies/
[ 20] 0.09 hub=0.32 hub     news          items=  1 requests https://odi.org/en/about/
[ 21] 0.61 hub=0.61 listing organisation  items= 20 requests https://odi.org/en/media-centre/
[ 22] 0.25 hub=0.71 listing news          items=  2 requests https://odi.org/en/media-centre/mdbs-more-essential-than-ever-but-effectiveness-seen-as-stalling-new-odi-global-client-survey-reveals/
[ 23] 0.11 hub=0.18 hub     mixed         items=  5 browser  https://odi.org/en/profile/freddie-carver/
[ 24] 0.03 hub=0.12 listing news          items=  1 browser  https://odi.org/en/profile/amy-rodwell/
[ 25] 0.13 hub=0.29 hub     mixed         items=  3 requests https://odi.org/en/profile/vince-cable/
[ 26] 0.10 hub=0.23 listing events        items=  3 requests https://odi.org/en/profile/dora-meredith/
[ 27] 0.11 hub=0.24 listing mixed         items=  3 requests https://odi.org/en/profile/rathin-roy/
[ 28] 0.15 hub=0.15 listing organisation  items= 10 requests https://odi.org/en/experts/
[ 29] 0.44 hub=0.44 hub     media         items= 20 requests https://odi.org/en/insights/
[ 30] 0.18 hub=0.18 listing mixed         items= 12 requests https://odi.org/en/tagged/africa/
